
> kam-dashboard-unified@1.0.0 build
> next build

node.exe : ÔÜá Invalid next.config.js options detected: 
At line:1 char:1
+ & "C:\Program Files\nodejs/node.exe" "C:\Users\Petpooja-439\AppData\R ...
+ ~~~~~~~~~~~~~~~~~~~~~~~~~~~~~~~~~~~~~~~~~~~~~~~~~~~~~~~~~~~~~~~~~~~~~
    + CategoryInfo          : NotSpecified: (ÔÜá Invalid nex...ions detect 
   ed: :String) [], RemoteException
    + FullyQualifiedErrorId : NativeCommandError
 
ÔÜá     Unrecognized key(s) in object: 'turbo' at "experimental"
ÔÜá See more info here: 
https://nextjs.org/docs/messages/invalid-next-config
Ôû▓ Next.js 16.1.6 (Turbopack)
- Environments: .env.local
- Experiments (use with caution):
  ? turbo (invalid experimental key)

  Creating an optimized production build ...
Ô£ô Compiled successfully in 11.5s
  Running TypeScript ...
Failed to compile.

./app/dashboard/visits/page.tsx:138:53
Type error: Expected 1 arguments, but got 4.

[0m [90m 136 |[39m
 [90m 137 |[39m       [36mconst[39m [brandsResponse[33m,[39m 
visitsResponse] [33m=[39m [36mawait[39m 
[33mPromise[39m[33m.[39mall([
[31m[1m>[22m[39m[90m 138 |[39m         
convexAPI[33m.[39mgetBrandsByAgentEmail(user[33m.[39memail[33m,[39m 
[35m1[39m[33m,[39m [35m1000[39m[33m,[39m search)[33m,[39m 
[90m// Get all brands like Demos page[39m
 [90m     |[39m                                                     
[31m[1m^[22m[39m
 [90m 139 |[39m         convexAPI[33m.[39mgetVisits({ 
 [90m 140 |[39m           email[33m:[39m 
user[33m.[39memail[33m,[39m 
 [90m 141 |[39m           search[33m:[39m visitsSearch[33m,[39m[0m
Next.js build worker exited with code: 1 and signal: null
